Archive member included to satisfy reference by file (symbol)

c:/program files (x86)/atmel/studio/7.0/toolchain/avr8/avr8-gnu-toolchain/bin/../lib/gcc/avr/5.4.0/avr35\libgcc.a(_udivmodhi4.o)
                              ringBuffer.o (__udivmodhi4)
c:/program files (x86)/atmel/studio/7.0/toolchain/avr8/avr8-gnu-toolchain/bin/../lib/gcc/avr/5.4.0/avr35\libgcc.a(_exit.o)
                              C:/Program Files (x86)/Atmel/Studio/7.0/Packs/atmel/ATmega_DFP/1.1.130/gcc/dev/atmega16u2/avr35/crtatmega16u2.o (exit)
c:/program files (x86)/atmel/studio/7.0/toolchain/avr8/avr8-gnu-toolchain/bin/../lib/gcc/avr/5.4.0/avr35\libgcc.a(_copy_data.o)
                              u16_scifDriver.o (__do_copy_data)
c:/program files (x86)/atmel/studio/7.0/toolchain/avr8/avr8-gnu-toolchain/bin/../lib/gcc/avr/5.4.0/avr35\libgcc.a(_clear_bss.o)
                              pipe.o (__do_clear_bss)
c:/program files (x86)/atmel/studio/7.0/toolchain/avr8/avr8-gnu-toolchain/bin/../lib/gcc/avr/5.4.0/../../../../avr/lib/avr35\libc.a(memcpy_P.o)
                              src/LUFA/LUFA/Drivers/USB/Class/Device/RNDISClassDevice.o (memcpy_P)
c:/program files (x86)/atmel/studio/7.0/toolchain/avr8/avr8-gnu-toolchain/bin/../lib/gcc/avr/5.4.0/../../../../avr/lib/avr35\libc.a(strlen_P.o)
                              src/LUFA/LUFA/Drivers/USB/Class/Device/CDCClassDevice.o (__strlen_P)
c:/program files (x86)/atmel/studio/7.0/toolchain/avr8/avr8-gnu-toolchain/bin/../lib/gcc/avr/5.4.0/../../../../avr/lib/avr35\libc.a(memcmp.o)
                              src/LUFA/LUFA/Drivers/USB/Class/Device/HIDClassDevice.o (memcmp)
c:/program files (x86)/atmel/studio/7.0/toolchain/avr8/avr8-gnu-toolchain/bin/../lib/gcc/avr/5.4.0/../../../../avr/lib/avr35\libc.a(memcpy.o)
                              src/LUFA/LUFA/Drivers/USB/Class/Device/HIDClassDevice.o (memcpy)
c:/program files (x86)/atmel/studio/7.0/toolchain/avr8/avr8-gnu-toolchain/bin/../lib/gcc/avr/5.4.0/../../../../avr/lib/avr35\libc.a(memset.o)
                              src/LUFA/LUFA/Drivers/USB/Class/Device/HIDClassDevice.o (memset)
C:/Program Files (x86)/Atmel/Studio/7.0/Packs/atmel/ATmega_DFP/1.1.130/gcc/dev/atmega16u2/avr35\libatmega16u2.a(eerd_byte.o)
                              src/LUFA/LUFA/Drivers/USB/Core/AVR8/EndpointStream_AVR8.o (eeprom_read_byte)
C:/Program Files (x86)/Atmel/Studio/7.0/Packs/atmel/ATmega_DFP/1.1.130/gcc/dev/atmega16u2/avr35\libatmega16u2.a(eeupd_byte.o)
                              src/LUFA/LUFA/Drivers/USB/Core/AVR8/EndpointStream_AVR8.o (eeprom_update_byte)

Allocating common symbols
Common symbol       size              file

pipeMain            0x3c              pipe.o
USB_IsInitialized   0x1               src/LUFA/LUFA/Drivers/USB/Core/USBTask.o
USB_DeviceState     0x1               src/LUFA/LUFA/Drivers/USB/Core/USBTask.o
USB_Device_ConfigurationNumber
                    0x1               src/LUFA/LUFA/Drivers/USB/Core/DeviceStandardReq.o
USB_Device_CurrentlySelfPowered
                    0x1               src/LUFA/LUFA/Drivers/USB/Core/DeviceStandardReq.o
USB_ControlRequest  0x8               src/LUFA/LUFA/Drivers/USB/Core/USBTask.o
USB_Device_RemoteWakeupEnabled
                    0x1               src/LUFA/LUFA/Drivers/USB/Core/DeviceStandardReq.o

Discarded input sections

 .data          0x00000000        0x0 C:/Program Files (x86)/Atmel/Studio/7.0/Packs/atmel/ATmega_DFP/1.1.130/gcc/dev/atmega16u2/avr35/crtatmega16u2.o
 .bss           0x00000000        0x0 C:/Program Files (x86)/Atmel/Studio/7.0/Packs/atmel/ATmega_DFP/1.1.130/gcc/dev/atmega16u2/avr35/crtatmega16u2.o
 .group         0x00000000        0x8 Descriptors.o
 .group         0x00000000        0x8 Descriptors.o
 .group         0x00000000        0x8 Descriptors.o
 .group         0x00000000        0x8 Descriptors.o
 .group         0x00000000        0x8 Descriptors.o
 .group         0x00000000        0x8 Descriptors.o
 .group         0x00000000        0x8 Descriptors.o
 .group         0x00000000        0x8 Descriptors.o
 .group         0x00000000        0x8 Descriptors.o
 .group         0x00000000        0x8 Descriptors.o
 .group         0x00000000        0x8 Descriptors.o
 .group         0x00000000        0x8 Descriptors.o
 .group         0x00000000        0x8 Descriptors.o
 .group         0x00000000        0x8 Descriptors.o
 .group         0x00000000        0x8 Descriptors.o
 .group         0x00000000        0x8 Descriptors.o
 .group         0x00000000        0x8 Descriptors.o
 .group         0x00000000        0x8 Descriptors.o
 .group         0x00000000        0x8 Descriptors.o
 .group         0x00000000        0x8 Descriptors.o
 .group         0x00000000        0x8 Descriptors.o
 .group         0x00000000        0x8 Descriptors.o
 .group         0x00000000        0x8 Descriptors.o
 .group         0x00000000        0x8 Descriptors.o
 .group         0x00000000        0x8 Descriptors.o
[...]
Memory Configuration

Name             Origin             Length             Attributes
text             0x00000000         0x00010000         xr
data             0x00800060         0x0000ffa0         rw !x
eeprom           0x00810000         0x00010000         rw !x
fuse             0x00820000         0x00000003         rw !x
lock             0x00830000         0x00000400         rw !x
signature        0x00840000         0x00000400         rw !x
user_signatures  0x00850000         0x00000400         rw !x
*default*        0x00000000         0xffffffff

Linker script and memory map

Address of section .data set to 0x800100
LOAD C:/Program Files (x86)/Atmel/Studio/7.0/Packs/atmel/ATmega_DFP/1.1.130/gcc/dev/atmega16u2/avr35/crtatmega16u2.o
LOAD Descriptors.o
LOAD pipe.o
LOAD ringBuffer.o
LOAD u16App.o
LOAD u16Driver.o
LOAD u16_commonDriver.o
LOAD u16_scifDriver.o
LOAD u16_timerDriver.o
LOAD KeyboardMouse.o
LOAD src/LUFA/LUFA/Drivers/USB/Class/Common/HIDParser.o
LOAD src/LUFA/LUFA/Drivers/USB/Class/Device/AudioClassDevice.o
LOAD src/LUFA/LUFA/Drivers/USB/Class/Device/CDCClassDevice.o
LOAD src/LUFA/LUFA/Drivers/USB/Class/Device/HIDClassDevice.o
LOAD src/LUFA/LUFA/Drivers/USB/Class/Device/MassStorageClassDevice.o
LOAD src/LUFA/LUFA/Drivers/USB/Class/Device/MIDIClassDevice.o
LOAD src/LUFA/LUFA/Drivers/USB/Class/Device/PrinterClassDevice.o
LOAD src/LUFA/LUFA/Drivers/USB/Class/Device/RNDISClassDevice.o
LOAD src/LUFA/LUFA/Drivers/USB/Class/Host/AndroidAccessoryClassHost.o
LOAD src/LUFA/LUFA/Drivers/USB/Class/Host/AudioClassHost.o
LOAD src/LUFA/LUFA/Drivers/USB/Class/Host/CDCClassHost.o
LOAD src/LUFA/LUFA/Drivers/USB/Class/Host/HIDClassHost.o
LOAD src/LUFA/LUFA/Drivers/USB/Class/Host/MassStorageClassHost.o
LOAD src/LUFA/LUFA/Drivers/USB/Class/Host/MIDIClassHost.o
LOAD src/LUFA/LUFA/Drivers/USB/Class/Host/PrinterClassHost.o
LOAD src/LUFA/LUFA/Drivers/USB/Class/Host/RNDISClassHost.o
LOAD src/LUFA/LUFA/Drivers/USB/Class/Host/StillImageClassHost.o
LOAD src/LUFA/LUFA/Drivers/USB/Core/AVR8/Device_AVR8.o
LOAD src/LUFA/LUFA/Drivers/USB/Core/AVR8/EndpointStream_AVR8.o
LOAD src/LUFA/LUFA/Drivers/USB/Core/AVR8/Endpoint_AVR8.o
LOAD src/LUFA/LUFA/Drivers/USB/Core/AVR8/Host_AVR8.o
LOAD src/LUFA/LUFA/Drivers/USB/Core/AVR8/PipeStream_AVR8.o
LOAD src/LUFA/LUFA/Drivers/USB/Core/AVR8/Pipe_AVR8.o
LOAD src/LUFA/LUFA/Drivers/USB/Core/AVR8/Template/Template_Endpoint_Control_R.o
LOAD src/LUFA/LUFA/Drivers/USB/Core/AVR8/Template/Template_Endpoint_Control_W.o
LOAD src/LUFA/LUFA/Drivers/USB/Core/AVR8/Template/Template_Endpoint_RW.o
LOAD src/LUFA/LUFA/Drivers/USB/Core/AVR8/Template/Template_Pipe_RW.o
LOAD src/LUFA/LUFA/Drivers/USB/Core/AVR8/USBController_AVR8.o
LOAD src/LUFA/LUFA/Drivers/USB/Core/AVR8/USBInterrupt_AVR8.o
LOAD src/LUFA/LUFA/Drivers/USB/Core/ConfigDescriptors.o
LOAD src/LUFA/LUFA/Drivers/USB/Core/DeviceStandardReq.o
LOAD src/LUFA/LUFA/Drivers/USB/Core/Events.o
LOAD src/LUFA/LUFA/Drivers/USB/Core/HostStandardReq.o
LOAD src/LUFA/LUFA/Drivers/USB/Core/USBTask.o
START GROUP
LOAD c:/program files (x86)/atmel/studio/7.0/toolchain/avr8/avr8-gnu-toolchain/bin/../lib/gcc/avr/5.4.0/../../../../avr/lib/avr35\libm.a
END GROUP
START GROUP
LOAD c:/program files (x86)/atmel/studio/7.0/toolchain/avr8/avr8-gnu-toolchain/bin/../lib/gcc/avr/5.4.0/avr35\libgcc.a
LOAD c:/program files (x86)/atmel/studio/7.0/toolchain/avr8/avr8-gnu-toolchain/bin/../lib/gcc/avr/5.4.0/../../../../avr/lib/avr35\libm.a
LOAD c:/program files (x86)/atmel/studio/7.0/toolchain/avr8/avr8-gnu-toolchain/bin/../lib/gcc/avr/5.4.0/../../../../avr/lib/avr35\libc.a
LOAD C:/Program Files (x86)/Atmel/Studio/7.0/Packs/atmel/ATmega_DFP/1.1.130/gcc/dev/atmega16u2/avr35\libatmega16u2.a
END GROUP
                0x00010000                __TEXT_REGION_LENGTH__ = DEFINED (__TEXT_REGION_LENGTH__)?__TEXT_REGION_LENGTH__:0x10000
                0x0000ffa0                __DATA_REGION_LENGTH__ = DEFINED (__DATA_REGION_LENGTH__)?__DATA_REGION_LENGTH__:0xffa0
                0x00010000                __EEPROM_REGION_LENGTH__ = DEFINED (__EEPROM_REGION_LENGTH__)?__EEPROM_REGION_LENGTH__:0x10000
                [0x00000003]                __FUSE_REGION_LENGTH__ = DEFINED (__FUSE_REGION_LENGTH__)?__FUSE_REGION_LENGTH__:0x400
                0x00000400                __LOCK_REGION_LENGTH__ = DEFINED (__LOCK_REGION_LENGTH__)?__LOCK_REGION_LENGTH__:0x400
                0x00000400                __SIGNATURE_REGION_LENGTH__ = DEFINED (__SIGNATURE_REGION_LENGTH__)?__SIGNATURE_REGION_LENGTH__:0x400
                0x00000400                __USER_SIGNATURE_REGION_LENGTH__ = DEFINED (__USER_SIGNATURE_REGION_LENGTH__)?__USER_SIGNATURE_REGION_LENGTH__:0x400

.hash
 *(.hash)

.dynsym
 *(.dynsym)

.dynstr
 *(.dynstr)

.gnu.version
 *(.gnu.version)

.gnu.version_d
 *(.gnu.version_d)

.gnu.version_r
 *(.gnu.version_r)

.rel.init
 *(.rel.init)

.rela.init
 *(.rela.init)

.rel.text
 *(.rel.text)
 *(.rel.text.*)
 *(.rel.gnu.linkonce.t*)

.rela.text
 *(.rela.text)
 *(.rela.text.*)
 *(.rela.gnu.linkonce.t*)

.rel.fini
 *(.rel.fini)

.rela.fini
 *(.rela.fini)

.rel.rodata
 *(.rel.rodata)
 *(.rel.rodata.*)
 *(.rel.gnu.linkonce.r*)

.rela.rodata
 *(.rela.rodata)
 *(.rela.rodata.*)
 *(.rela.gnu.linkonce.r*)

.rel.data
 *(.rel.data)
 *(.rel.data.*)
 *(.rel.gnu.linkonce.d*)

.rela.data
 *(.rela.data)
 *(.rela.data.*)
 *(.rela.gnu.linkonce.d*)

.rel.ctors
 *(.rel.ctors)

.rela.ctors
 *(.rela.ctors)

.rel.dtors
 *(.rel.dtors)

.rela.dtors
 *(.rela.dtors)

.rel.got
 *(.rel.got)

.rela.got
 *(.rela.got)

.rel.bss
 *(.rel.bss)

.rela.bss
 *(.rela.bss)

.rel.plt
 *(.rel.plt)

.rela.plt
 *(.rela.plt)

.text           0x00000000     0x1aba
 *(.vectors)
 .vectors       0x00000000       0x74 C:/Program Files (x86)/Atmel/Studio/7.0/Packs/atmel/ATmega_DFP/1.1.130/gcc/dev/atmega16u2/avr35/crtatmega16u2.o
                0x00000000                __vector_default
                0x00000000                __vectors
 *(.vectors)
 *(.progmem.gcc*)
                0x00000074                . = ALIGN (0x2)
                0x00000074                __trampolines_start = .
 *(.trampolines)
 .trampolines   0x00000074        0x0 linker stubs
 *(.trampolines*)
                0x00000074                __trampolines_end = .
 *libprintf_flt.a:*(.progmem.data)
 *libc.a:*(.progmem.data)
 *(.progmem*)
 .progmem.data.ProductString
                0x00000074       0x3c Descriptors.o
                0x00000074                ProductString
 .progmem.data.ManufacturerString
                0x000000b0       0x1a Descriptors.o
                0x000000b0                ManufacturerString
 .progmem.data.LanguageString
                0x000000ca        0x4 Descriptors.o
                0x000000ca                LanguageString
 .progmem.data.ConfigurationDescriptor
                0x000000ce       0x3b Descriptors.o
                0x000000ce                ConfigurationDescriptor
 .progmem.data.DeviceDescriptor
                0x00000109       0x12 Descriptors.o
                0x00000109                DeviceDescriptor
 .progmem.data.KeyboardReport
                0x0000011b       0x40 Descriptors.o
                0x0000011b                KeyboardReport
 .progmem.data.MouseReport
                0x0000015b       0x3c Descriptors.o
                0x0000015b                MouseReport
                0x00000198                . = ALIGN (0x2)
 *fill*         0x00000197        0x1 
 *(.jumptables)
 *(.jumptables*)
 *(.lowtext)
 *(.lowtext*)
                0x00000198                __ctors_start = .
 *(.ctors)
                0x00000198                __ctors_end = .
                0x00000198                __dtors_start = .
 *(.dtors)
                0x00000198                __dtors_end = .
 SORT(*)(.ctors)
 SORT(*)(.dtors)
 *(.init0)
 .init0         0x00000198        0x0 C:/Program Files (x86)/Atmel/Studio/7.0/Packs/atmel/ATmega_DFP/1.1.130/gcc/dev/atmega16u2/avr35/crtatmega16u2.o
                0x00000198                __init
 *(.init0)
 *(.init1)
 *(.init1)
 *(.init2)
 .init2         0x00000198        0xc C:/Program Files (x86)/Atmel/Studio/7.0/Packs/atmel/ATmega_DFP/1.1.130/gcc/dev/atmega16u2/avr35/crtatmega16u2.o
 *(.init2)
 *(.init3)
 *(.init3)
 *(.init4)
 .init4         0x000001a4       0x16 c:/program files (x86)/atmel/studio/7.0/toolchain/avr8/avr8-gnu-toolchain/bin/../lib/gcc/avr/5.4.0/avr35\libgcc.a(_copy_data.o)
                0x000001a4                __do_copy_data
 .init4         0x000001ba       0x10 c:/program files (x86)/atmel/studio/7.0/toolchain/avr8/avr8-gnu-toolchain/bin/../lib/gcc/avr/5.4.0/avr35\libgcc.a(_clear_bss.o)
                0x000001ba                __do_clear_bss
 *(.init4)
 *(.init5)
 *(.init5)
 *(.init6)
 *(.init6)
 *(.init7)
 *(.init7)
 *(.init8)
 *(.init8)
 *(.init9)
 .init9         0x000001ca        0x6 C:/Program Files (x86)/Atmel/Studio/7.0/Packs/atmel/ATmega_DFP/1.1.130/gcc/dev/atmega16u2/avr35/crtatmega16u2.o
 *(.init9)
 *(.text)
 .text          0x000001d0        0x2 C:/Program Files (x86)/Atmel/Studio/7.0/Packs/atmel/ATmega_DFP/1.1.130/gcc/dev/atmega16u2/avr35/crtatmega16u2.o
                0x000001d0                __vector_22
                0x000001d0                __vector_28
                0x000001d0                __vector_1
                0x000001d0                __vector_12
                0x000001d0                __bad_interrupt
                0x000001d0                __vector_6
                0x000001d0                __vector_3
                0x000001d0                __vector_25
                0x000001d0                __vector_13
                0x000001d0                __vector_17
                0x000001d0                __vector_7
                0x000001d0                __vector_27
                0x000001d0                __vector_5
                0x000001d0                __vector_4
                0x000001d0                __vector_2
                0x000001d0                __vector_21
                0x000001d0                __vector_15
                0x000001d0                __vector_8
                0x000001d0                __vector_26
                0x000001d0                __vector_14
                0x000001d0                __vector_10
                0x000001d0                __vector_16
                0x000001d0                __vector_18
                0x000001d0                __vector_20
                0x000001d2                . = ALIGN (0x2)
 *(.text.*)
 .text.CALLBACK_USB_GetDescriptor
                0x000001d2       0xe4 Descriptors.o
                0x000001d2                CALLBACK_USB_GetDescriptor
 .text.initMainPipe
                0x000002b6        0xa pipe.o
                0x000002b6                initMainPipe
 .text.openDataPipe
                0x000002c0       0xfa pipe.o
                0x000002c0                openDataPipe
 .text.reqRxPipe
                0x000003ba       0x56 pipe.o
                0x000003ba                reqRxPipe
 .text.setRxDataFromPipe
                0x00000410       0x2e pipe.o
                0x00000410                setRxDataFromPipe
 .text.getTxDataFromPipe
                0x0000043e       0x2a pipe.o
                0x0000043e                getTxDataFromPipe
 .text.getRxDataFromPipe
                0x00000468       0x2a pipe.o
                0x00000468                getRxDataFromPipe
 .text.isTxPipeIsEmpty
                0x00000492       0x34 pipe.o
                0x00000492                isTxPipeIsEmpty
 .text.initRingBuffer
                0x000004c6       0x14 ringBuffer.o
                0x000004c6                initRingBuffer
 .text.setRingBuffer
                0x000004da       0x44 ringBuffer.o
                0x000004da                setRingBuffer
 .text.getRingBuffer
                0x0000051e       0x3a ringBuffer.o
                0x0000051e                getRingBuffer
 .text.setRingBuffers
                0x00000558       0x58 ringBuffer.o
                0x00000558                setRingBuffers
 .text.getRingBuffers
                0x000005b0       0x52 ringBuffer.o
                0x000005b0                getRingBuffers
 .text.isRingBufferEmpty
                0x00000602       0x16 ringBuffer.o
                0x00000602                isRingBufferEmpty
 .text.get_paddle_addr
                0x00000618        0x6 u16App.o
                0x00000618                get_paddle_addr
 .text.get_button_addr
                0x0000061e        0x6 u16App.o
                0x0000061e                get_button_addr
 .text.parseReceiveData
                0x00000624      0x172 u16App.o
                0x00000624                parseReceiveData
 .text.appMain  0x00000796        0x4 u16App.o
                0x00000796                appMain
 .text.__vector_9
                0x0000079a       0x14 u16Driver.o
                0x0000079a                __vector_9
 .text.init_GPIO
                0x000007ae        0xa u16Driver.o
                0x000007ae                init_GPIO
 .text.isUSBDeviceEnable
                0x000007b8       0x26 u16Driver.o
                0x000007b8                isUSBDeviceEnable
 .text.init_u16Driver
                0x000007de        0x4 u16Driver.o
                0x000007de                init_u16Driver
 .text.disableInterrupt
                0x000007e2        0x4 u16_commonDriver.o
                0x000007e2                disableInterrupt
 .text.enableInterrupt
                0x000007e6        0x4 u16_commonDriver.o
                0x000007e6                enableInterrupt
 .text.tx_handler
                0x000007ea       0x3a u16_scifDriver.o
 .text.rx_handler
                0x00000824       0x4e u16_scifDriver.o
 .text.__vector_23
                0x00000872       0x52 u16_scifDriver.o
                0x00000872                __vector_23
 .text.__vector_24
                0x000008c4       0x52 u16_scifDriver.o
                0x000008c4                __vector_24
 .text.init_UART
                0x00000916       0x40 u16_scifDriver.o
                0x00000916                init_UART
 .text.registPipeUART
                0x00000956        0x6 u16_scifDriver.o
                0x00000956                registPipeUART
 .text.__vector_19
                0x0000095c       0x52 u16_timerDriver.o
                0x0000095c                __vector_19
 .text.init_Timer
                0x000009ae       0x18 u16_timerDriver.o
                0x000009ae                init_Timer
 .text.rxCallback
                0x000009c6        0x4 KeyboardMouse.o
 .text.txCallback
                0x000009ca        0x4 KeyboardMouse.o
 .text.timer_handler
                0x000009ce       0x14 KeyboardMouse.o
                0x000009ce                timer_handler
 .text.SetupHardware
                0x000009e2       0x32 KeyboardMouse.o
                0x000009e2                SetupHardware
 .text.main     0x00000a14       0x58 KeyboardMouse.o
                0x00000a14                main
 .text.EVENT_USB_Device_Connect
                0x00000a6c        0x2 KeyboardMouse.o
                0x00000a6c                EVENT_USB_Device_Connect
 .text.EVENT_USB_Device_Disconnect
                0x00000a6e        0x2 KeyboardMouse.o
                0x00000a6e                EVENT_USB_Device_Disconnect
 .text.EVENT_USB_Device_ConfigurationChanged
                0x00000a70       0x18 KeyboardMouse.o
                0x00000a70                EVENT_USB_Device_ConfigurationChanged
 .text.EVENT_USB_Device_ControlRequest
                0x00000a88        0xe KeyboardMouse.o
                0x00000a88                EVENT_USB_Device_ControlRequest
 .text.EVENT_USB_Device_StartOfFrame
                0x00000a96       0x2e KeyboardMouse.o
                0x00000a96                EVENT_USB_Device_StartOfFrame
 .text.CALLBACK_HID_Device_CreateHIDReport
                0x00000ac4       0xcc KeyboardMouse.o
                0x00000ac4                CALLBACK_HID_Device_CreateHIDReport
 .text.CALLBACK_HID_Device_ProcessHIDReport
                0x00000b90        0x2 KeyboardMouse.o
                0x00000b90                CALLBACK_HID_Device_ProcessHIDReport
 .text.HID_Device_ProcessControlRequest
                0x00000b92      0x292 src/LUFA/LUFA/Drivers/USB/Class/Device/HIDClassDevice.o
                0x00000b92                HID_Device_ProcessControlRequest
 .text.HID_Device_ConfigureEndpoints
                0x00000e24       0x28 src/LUFA/LUFA/Drivers/USB/Class/Device/HIDClassDevice.o
                0x00000e24                HID_Device_ConfigureEndpoints
 .text.HID_Device_USBTask
                0x00000e4c      0x17a src/LUFA/LUFA/Drivers/USB/Class/Device/HIDClassDevice.o
                0x00000e4c                HID_Device_USBTask
 .text.Endpoint_Write_Stream_LE
                0x00000fc6       0xba src/LUFA/LUFA/Drivers/USB/Core/AVR8/EndpointStream_AVR8.o
                0x00000fc6                Endpoint_Write_Stream_LE
 .text.Endpoint_Write_Control_Stream_LE
                0x00001080       0xf2 src/LUFA/LUFA/Drivers/USB/Core/AVR8/EndpointStream_AVR8.o
                0x00001080                Endpoint_Write_Control_Stream_LE
 .text.Endpoint_Read_Control_Stream_LE
                0x00001172       0xcc src/LUFA/LUFA/Drivers/USB/Core/AVR8/EndpointStream_AVR8.o
                0x00001172                Endpoint_Read_Control_Stream_LE
 .text.Endpoint_Write_Control_PStream_LE
                0x0000123e       0xf8 src/LUFA/LUFA/Drivers/USB/Core/AVR8/EndpointStream_AVR8.o
                0x0000123e                Endpoint_Write_Control_PStream_LE
 .text.Endpoint_ConfigureEndpoint_Prv
                0x00001336       0xcc src/LUFA/LUFA/Drivers/USB/Core/AVR8/Endpoint_AVR8.o
                0x00001336                Endpoint_ConfigureEndpoint_Prv
 .text.Endpoint_ConfigureEndpointTable
                0x00001402       0x9e src/LUFA/LUFA/Drivers/USB/Core/AVR8/Endpoint_AVR8.o
                0x00001402                Endpoint_ConfigureEndpointTable
 .text.Endpoint_ClearStatusStage
                0x000014a0       0x48 src/LUFA/LUFA/Drivers/USB/Core/AVR8/Endpoint_AVR8.o
                0x000014a0                Endpoint_ClearStatusStage
 .text.Endpoint_WaitUntilReady
                0x000014e8       0x82 src/LUFA/LUFA/Drivers/USB/Core/AVR8/Endpoint_AVR8.o
                0x000014e8                Endpoint_WaitUntilReady
 .text.USB_ResetInterface
                0x0000156a       0x66 src/LUFA/LUFA/Drivers/USB/Core/AVR8/USBController_AVR8.o
                0x0000156a                USB_ResetInterface
 .text.USB_Init
                0x000015d0       0x14 src/LUFA/LUFA/Drivers/USB/Core/AVR8/USBController_AVR8.o
                0x000015d0                USB_Init
 .text.USB_INT_DisableAllInterrupts
                0x000015e4        0x6 src/LUFA/LUFA/Drivers/USB/Core/AVR8/USBInterrupt_AVR8.o
                0x000015e4                USB_INT_DisableAllInterrupts
 .text.USB_INT_ClearAllInterrupts
                0x000015ea        0x6 src/LUFA/LUFA/Drivers/USB/Core/AVR8/USBInterrupt_AVR8.o
                0x000015ea                USB_INT_ClearAllInterrupts
 .text.__vector_11
                0x000015f0      0x13c src/LUFA/LUFA/Drivers/USB/Core/AVR8/USBInterrupt_AVR8.o
                0x000015f0                __vector_11
 .text.USB_Device_ProcessControlRequest
                0x0000172c      0x2f2 src/LUFA/LUFA/Drivers/USB/Core/DeviceStandardReq.o
                0x0000172c                USB_Device_ProcessControlRequest
 .text.USB_Event_Stub
                0x00001a1e        0x2 src/LUFA/LUFA/Drivers/USB/Core/Events.o
                0x00001a1e                USB_Event_Stub
                0x00001a1e                EVENT_USB_Device_Suspend
                0x00001a1e                EVENT_USB_Device_Reset
                0x00001a1e                EVENT_USB_Device_WakeUp
 .text.USB_USBTask
                0x00001a20       0x34 src/LUFA/LUFA/Drivers/USB/Core/USBTask.o
                0x00001a20                USB_USBTask
 .text.libgcc.div
                0x00001a54       0x28 c:/program files (x86)/atmel/studio/7.0/toolchain/avr8/avr8-gnu-toolchain/bin/../lib/gcc/avr/5.4.0/avr35\libgcc.a(_udivmodhi4.o)
                0x00001a54                __udivmodhi4
 .text.avr-libc
                0x00001a7c       0x1a c:/program files (x86)/atmel/studio/7.0/toolchain/avr8/avr8-gnu-toolchain/bin/../lib/gcc/avr/5.4.0/../../../../avr/lib/avr35\libc.a(memcmp.o)
                0x00001a7c                memcmp
 .text.avr-libc
                0x00001a96       0x12 c:/program files (x86)/atmel/studio/7.0/toolchain/avr8/avr8-gnu-toolchain/bin/../lib/gcc/avr/5.4.0/../../../../avr/lib/avr35\libc.a(memcpy.o)
                0x00001a96                memcpy
 .text.avr-libc
                0x00001aa8        0xe c:/program files (x86)/atmel/studio/7.0/toolchain/avr8/avr8-gnu-toolchain/bin/../lib/gcc/avr/5.4.0/../../../../avr/lib/avr35\libc.a(memset.o)
                0x00001aa8                memset
                0x00001ab6                . = ALIGN (0x2)
 *(.fini9)
 .fini9         0x00001ab6        0x0 c:/program files (x86)/atmel/studio/7.0/toolchain/avr8/avr8-gnu-toolchain/bin/../lib/gcc/avr/5.4.0/avr35\libgcc.a(_exit.o)
                0x00001ab6                _exit
                0x00001ab6                exit
 *(.fini9)
 *(.fini8)
 *(.fini8)
 *(.fini7)
 *(.fini7)
 *(.fini6)
 *(.fini6)
 *(.fini5)
 *(.fini5)
 *(.fini4)
 *(.fini4)
 *(.fini3)
 *(.fini3)
 *(.fini2)
 *(.fini2)
 *(.fini1)
 *(.fini1)
 *(.fini0)
 .fini0         0x00001ab6        0x4 c:/program files (x86)/atmel/studio/7.0/toolchain/avr8/avr8-gnu-toolchain/bin/../lib/gcc/avr/5.4.0/avr35\libgcc.a(_exit.o)
 *(.fini0)
                0x00001aba                _etext = .

.data           0x00800100       0x34 load address 0x00001aba
                0x00800100                PROVIDE (__data_start, .)
 *(.data)
 *(.data*)
 .data.scif_pipe_id
                0x00800100        0x1 u16_scifDriver.o
 .data.Mouse_HID_Interface
                0x00800101       0x10 KeyboardMouse.o
                0x00800101                Mouse_HID_Interface
 .data.Keyboard_HID_Interface
                0x00800111       0x10 KeyboardMouse.o
                0x00800111                Keyboard_HID_Interface
 *(.gnu.linkonce.d*)
 *(.rodata)
 *(.rodata*)
 .rodata.keycodemap
                0x00800121       0x12 KeyboardMouse.o
                0x00800121                keycodemap
 *(.gnu.linkonce.r*)
                0x00800134                . = ALIGN (0x2)
 *fill*         0x00800133        0x1 
                0x00800134                _edata = .
                0x00800134                PROVIDE (__data_end, .)

.bss            0x00800134      0x110
                0x00800134                PROVIDE (__bss_start, .)
 *(.bss)
 *(.bss*)
 .bss.pipeBuffer
                0x00800134       0x80 pipe.o
 .bss.size.1953
                0x008001b4        0x4 u16App.o
 .bss.rest.1952
                0x008001b8        0x1 u16App.o
 .bss.payload.1954
                0x008001b9       0x12 u16App.o
 .bss.parseState.1951
                0x008001cb        0x1 u16App.o
 .bss.head_err  0x008001cc        0x1 u16App.o
 .bss.size_err  0x008001cd        0x1 u16App.o
 .bss.button    0x008001ce        0x6 u16App.o
 .bss.paddle    0x008001d4        0x6 u16App.o
 .bss.breaker   0x008001da        0x1 u16Driver.o
                0x008001da                breaker
 .bss.readBufferOverflow
                0x008001db        0x2 u16_scifDriver.o
 .bss.uartTXint
                0x008001dd        0x2 u16_scifDriver.o
 .bss.uartRXint
                0x008001df        0x2 u16_scifDriver.o
 .bss.timerInt  0x008001e1        0x2 u16_timerDriver.o
 .bss.mytime    0x008001e3        0x2 KeyboardMouse.o
                0x008001e3                mytime
 .bss.PrevMouseHIDReportBuffer
                0x008001e5        0x7 KeyboardMouse.o
 .bss.PrevKeyboardHIDReportBuffer
                0x008001ec        0xf KeyboardMouse.o
 *(COMMON)
 COMMON         0x008001fb       0x3c pipe.o
                0x008001fb                pipeMain
 COMMON         0x00800237        0x3 src/LUFA/LUFA/Drivers/USB/Core/DeviceStandardReq.o
                0x00800237                USB_Device_ConfigurationNumber
                0x00800238                USB_Device_CurrentlySelfPowered
                0x00800239                USB_Device_RemoteWakeupEnabled
 COMMON         0x0080023a        0xa src/LUFA/LUFA/Drivers/USB/Core/USBTask.o
                0x0080023a                USB_IsInitialized
                0x0080023b                USB_DeviceState
                0x0080023c                USB_ControlRequest
                0x00800244                PROVIDE (__bss_end, .)
                0x00001aba                __data_load_start = LOADADDR (.data)
                0x00001aee                __data_load_end = (__data_load_start + SIZEOF (.data))

.noinit         0x00800244        0x0
                [!provide]                PROVIDE (__noinit_start, .)
 *(.noinit*)
                [!provide]                PROVIDE (__noinit_end, .)
                0x00800244                _end = .
                [!provide]                PROVIDE (__heap_start, .)

.eeprom         0x00810000        0x0
 *(.eeprom*)
                0x00810000                __eeprom_end = .

.fuse
 *(.fuse)
 *(.lfuse)
 *(.hfuse)
 *(.efuse)

.lock
 *(.lock*)

.signature
 *(.signature*)

.user_signatures
 *(.user_signatures*)

.stab
 *(.stab)

.stabstr
 *(.stabstr)

.stab.excl
 *(.stab.excl)

.stab.exclstr
 *(.stab.exclstr)

.stab.index
 *(.stab.index)

.stab.indexstr
 *(.stab.indexstr)

.comment        0x00000000       0x30
 *(.comment)
 .comment       0x00000000       0x30 Descriptors.o
                                 0x31 (size before relaxing)
 .comment       0x00000030       0x31 pipe.o
 .comment       0x00000030       0x31 ringBuffer.o
 .comment       0x00000030       0x31 u16App.o
 .comment       0x00000030       0x31 u16Driver.o
 .comment       0x00000030       0x31 u16_commonDriver.o
 .comment       0x00000030       0x31 u16_scifDriver.o
 .comment       0x00000030       0x31 u16_timerDriver.o
 .comment       0x00000030       0x31 KeyboardMouse.o
 .comment       0x00000030       0x31 src/LUFA/LUFA/Drivers/USB/Class/Device/HIDClassDevice.o
 .comment       0x00000030       0x31 src/LUFA/LUFA/Drivers/USB/Core/AVR8/EndpointStream_AVR8.o
 .comment       0x00000030       0x31 src/LUFA/LUFA/Drivers/USB/Core/AVR8/Endpoint_AVR8.o
 .comment       0x00000030       0x31 src/LUFA/LUFA/Drivers/USB/Core/AVR8/USBController_AVR8.o
 .comment       0x00000030       0x31 src/LUFA/LUFA/Drivers/USB/Core/AVR8/USBInterrupt_AVR8.o
 .comment       0x00000030       0x31 src/LUFA/LUFA/Drivers/USB/Core/DeviceStandardReq.o
 .comment       0x00000030       0x31 src/LUFA/LUFA/Drivers/USB/Core/Events.o
 .comment       0x00000030       0x31 src/LUFA/LUFA/Drivers/USB/Core/USBTask.o

.note.gnu.avr.deviceinfo
                0x00000000       0x40
 .note.gnu.avr.deviceinfo
                0x00000000       0x40 C:/Program Files (x86)/Atmel/Studio/7.0/Packs/atmel/ATmega_DFP/1.1.130/gcc/dev/atmega16u2/avr35/crtatmega16u2.o

.note.gnu.build-id
 *(.note.gnu.build-id)

.debug
 *(.debug)

.line
 *(.line)

.debug_srcinfo
 *(.debug_srcinfo)

.debug_sfnames
 *(.debug_sfnames)

.debug_aranges  0x00000000      0x490
 *(.debug_aranges)
 .debug_aranges
                0x00000000       0x20 Descriptors.o
 .debug_aranges
                0x00000020       0x80 pipe.o
 .debug_aranges
                0x000000a0       0x58 ringBuffer.o
 .debug_aranges
                0x000000f8       0x40 u16App.o
 .debug_aranges
                0x00000138       0x40 u16Driver.o
 .debug_aranges
                0x00000178       0x28 u16_commonDriver.o
 .debug_aranges
                0x000001a0       0x50 u16_scifDriver.o
 .debug_aranges
                0x000001f0       0x28 u16_timerDriver.o
 .debug_aranges
                0x00000218       0x80 KeyboardMouse.o
 .debug_aranges
                0x00000298       0x30 src/LUFA/LUFA/Drivers/USB/Class/Device/HIDClassDevice.o
 .debug_aranges
                0x000002c8       0xc8 src/LUFA/LUFA/Drivers/USB/Core/AVR8/EndpointStream_AVR8.o
 .debug_aranges
                0x00000390       0x40 src/LUFA/LUFA/Drivers/USB/Core/AVR8/Endpoint_AVR8.o
 .debug_aranges
                0x000003d0       0x30 src/LUFA/LUFA/Drivers/USB/Core/AVR8/USBController_AVR8.o
 .debug_aranges
                0x00000400       0x30 src/LUFA/LUFA/Drivers/USB/Core/AVR8/USBInterrupt_AVR8.o
 .debug_aranges
                0x00000430       0x20 src/LUFA/LUFA/Drivers/USB/Core/DeviceStandardReq.o
 .debug_aranges
                0x00000450       0x20 src/LUFA/LUFA/Drivers/USB/Core/Events.o
 .debug_aranges
                0x00000470       0x20 src/LUFA/LUFA/Drivers/USB/Core/USBTask.o

.debug_pubnames
 *(.debug_pubnames)

.debug_info     0x00000000     0x6cbd
 *(.debug_info .gnu.linkonce.wi.*)
 .debug_info    0x00000000      0x6ba C:/Program Files (x86)/Atmel/Studio/7.0/Packs/atmel/ATmega_DFP/1.1.130/gcc/dev/atmega16u2/avr35/crtatmega16u2.o
 .debug_info    0x000006ba      0x76d Descriptors.o
 .debug_info    0x00000e27      0x7a6 pipe.o
 .debug_info    0x000015cd      0x419 ringBuffer.o
 .debug_info    0x000019e6      0x2ee u16App.o
 .debug_info    0x00001cd4      0x191 u16Driver.o
 .debug_info    0x00001e65       0x99 u16_commonDriver.o
 .debug_info    0x00001efe      0x27d u16_scifDriver.o
 .debug_info    0x0000217b      0x123 u16_timerDriver.o
 .debug_info    0x0000229e      0xab3 KeyboardMouse.o
 .debug_info    0x00002d51      0x94b src/LUFA/LUFA/Drivers/USB/Class/Device/HIDClassDevice.o
 .debug_info    0x0000369c     0x1823 src/LUFA/LUFA/Drivers/USB/Core/AVR8/EndpointStream_AVR8.o
 .debug_info    0x00004ebf      0x623 src/LUFA/LUFA/Drivers/USB/Core/AVR8/Endpoint_AVR8.o
 .debug_info    0x000054e2      0x48d src/LUFA/LUFA/Drivers/USB/Core/AVR8/USBController_AVR8.o
 .debug_info    0x0000596f      0x5cd src/LUFA/LUFA/Drivers/USB/Core/AVR8/USBInterrupt_AVR8.o
 .debug_info    0x00005f3c      0xa88 src/LUFA/LUFA/Drivers/USB/Core/DeviceStandardReq.o
 .debug_info    0x000069c4       0x7c src/LUFA/LUFA/Drivers/USB/Core/Events.o
 .debug_info    0x00006a40      0x27d src/LUFA/LUFA/Drivers/USB/Core/USBTask.o

.debug_abbrev   0x00000000     0x2081
 *(.debug_abbrev)
 .debug_abbrev  0x00000000      0x65d C:/Program Files (x86)/Atmel/Studio/7.0/Packs/atmel/ATmega_DFP/1.1.130/gcc/dev/atmega16u2/avr35/crtatmega16u2.o
 .debug_abbrev  0x0000065d      0x17c Descriptors.o
 .debug_abbrev  0x000007d9      0x1b1 pipe.o
 .debug_abbrev  0x0000098a      0x15b ringBuffer.o
 .debug_abbrev  0x00000ae5      0x15d u16App.o
 .debug_abbrev  0x00000c42       0xe3 u16Driver.o
 .debug_abbrev  0x00000d25       0x47 u16_commonDriver.o
 .debug_abbrev  0x00000d6c      0x122 u16_scifDriver.o
 .debug_abbrev  0x00000e8e       0xbc u16_timerDriver.o
 .debug_abbrev  0x00000f4a      0x365 KeyboardMouse.o
 .debug_abbrev  0x000012af      0x216 src/LUFA/LUFA/Drivers/USB/Class/Device/HIDClassDevice.o
 .debug_abbrev  0x000014c5      0x1ed src/LUFA/LUFA/Drivers/USB/Core/AVR8/EndpointStream_AVR8.o
 .debug_abbrev  0x000016b2      0x236 src/LUFA/LUFA/Drivers/USB/Core/AVR8/Endpoint_AVR8.o
 .debug_abbrev  0x000018e8      0x17d src/LUFA/LUFA/Drivers/USB/Core/AVR8/USBController_AVR8.o
 .debug_abbrev  0x00001a65      0x1b7 src/LUFA/LUFA/Drivers/USB/Core/AVR8/USBInterrupt_AVR8.o
 .debug_abbrev  0x00001c1c      0x2b0 src/LUFA/LUFA/Drivers/USB/Core/DeviceStandardReq.o
 .debug_abbrev  0x00001ecc       0x47 src/LUFA/LUFA/Drivers/USB/Core/Events.o
 .debug_abbrev  0x00001f13      0x16e src/LUFA/LUFA/Drivers/USB/Core/USBTask.o

.debug_line     0x00000000     0x9e0d
 *(.debug_line .debug_line.* .debug_line_end)
 .debug_line    0x00000000      0x145 C:/Program Files (x86)/Atmel/Studio/7.0/Packs/atmel/ATmega_DFP/1.1.130/gcc/dev/atmega16u2/avr35/crtatmega16u2.o
 .debug_line    0x00000145      0xe3a Descriptors.o
 .debug_line    0x00000f7f      0x458 pipe.o
 .debug_line    0x000013d7      0x2a4 ringBuffer.o
 .debug_line    0x0000167b      0x2e6 u16App.o
 .debug_line    0x00001961      0x310 u16Driver.o
 .debug_line    0x00001c71      0x2a9 u16_commonDriver.o
 .debug_line    0x00001f1a      0x3c9 u16_scifDriver.o
 .debug_line    0x000022e3      0x2f8 u16_timerDriver.o
 .debug_line    0x000025db     0x10a7 KeyboardMouse.o
 .debug_line    0x00003682     0x1133 src/LUFA/LUFA/Drivers/USB/Class/Device/HIDClassDevice.o
 .debug_line    0x000047b5     0x1ed4 src/LUFA/LUFA/Drivers/USB/Core/AVR8/EndpointStream_AVR8.o
 .debug_line    0x00006689      0xc8f src/LUFA/LUFA/Drivers/USB/Core/AVR8/Endpoint_AVR8.o
 .debug_line    0x00007318      0x8de src/LUFA/LUFA/Drivers/USB/Core/AVR8/USBController_AVR8.o
 .debug_line    0x00007bf6      0xaa2 src/LUFA/LUFA/Drivers/USB/Core/AVR8/USBInterrupt_AVR8.o
 .debug_line    0x00008698      0xad1 src/LUFA/LUFA/Drivers/USB/Core/DeviceStandardReq.o
 .debug_line    0x00009169      0x47a src/LUFA/LUFA/Drivers/USB/Core/Events.o
 .debug_line    0x000095e3      0x82a src/LUFA/LUFA/Drivers/USB/Core/USBTask.o

.debug_frame    0x00000000      0xee4
 *(.debug_frame)
 .debug_frame   0x00000000       0x24 Descriptors.o
 .debug_frame   0x00000024      0x100 pipe.o
 .debug_frame   0x00000124       0xec ringBuffer.o
 .debug_frame   0x00000210       0x80 u16App.o
 .debug_frame   0x00000290       0x80 u16Driver.o
 .debug_frame   0x00000310       0x34 u16_commonDriver.o
 .debug_frame   0x00000344      0x134 u16_scifDriver.o
 .debug_frame   0x00000478       0x7c u16_timerDriver.o
 .debug_frame   0x000004f4      0x10c KeyboardMouse.o
 .debug_frame   0x00000600       0xf4 src/LUFA/LUFA/Drivers/USB/Class/Device/HIDClassDevice.o
 .debug_frame   0x000006f4      0x5b4 src/LUFA/LUFA/Drivers/USB/Core/AVR8/EndpointStream_AVR8.o
 .debug_frame   0x00000ca8       0xdc src/LUFA/LUFA/Drivers/USB/Core/AVR8/Endpoint_AVR8.o
 .debug_frame   0x00000d84       0x44 src/LUFA/LUFA/Drivers/USB/Core/AVR8/USBController_AVR8.o
 .debug_frame   0x00000dc8       0x8c src/LUFA/LUFA/Drivers/USB/Core/AVR8/USBInterrupt_AVR8.o
 .debug_frame   0x00000e54       0x40 src/LUFA/LUFA/Drivers/USB/Core/DeviceStandardReq.o
 .debug_frame   0x00000e94       0x24 src/LUFA/LUFA/Drivers/USB/Core/Events.o
 .debug_frame   0x00000eb8       0x2c src/LUFA/LUFA/Drivers/USB/Core/USBTask.o

.debug_str      0x00000000    0x1573c
 *(.debug_str)
 .debug_str     0x00000000      0x262 C:/Program Files (x86)/Atmel/Studio/7.0/Packs/atmel/ATmega_DFP/1.1.130/gcc/dev/atmega16u2/avr35/crtatmega16u2.o
 .debug_str     0x00000262    0x12fec Descriptors.o
                              0x132af (size before relaxing)
 .debug_str     0x0001324e      0x295 pipe.o
                               0x7829 (size before relaxing)
 .debug_str     0x000134e3       0x6c ringBuffer.o
                               0x3fdd (size before relaxing)
 .debug_str     0x0001354f      0x215 u16App.o
                               0x419f (size before relaxing)
 .debug_str     0x00013764       0xc7 u16Driver.o
                               0x7864 (size before relaxing)
 .debug_str     0x0001382b      0x113 u16_commonDriver.o
                               0x76c6 (size before relaxing)
 .debug_str     0x0001393e       0xb8 u16_scifDriver.o
                               0x774f (size before relaxing)
 .debug_str     0x000139f6       0x4e u16_timerDriver.o
                               0x7951 (size before relaxing)
 .debug_str     0x00013a44      0x529 KeyboardMouse.o
                              0x13406 (size before relaxing)
 .debug_str     0x00013f6d      0x399 src/LUFA/LUFA/Drivers/USB/Class/Device/HIDClassDevice.o
                              0x12a15 (size before relaxing)
 .debug_str     0x00014306      0x9ed src/LUFA/LUFA/Drivers/USB/Core/AVR8/EndpointStream_AVR8.o
                               0xd5cb (size before relaxing)
 .debug_str     0x00014cf3      0x270 src/LUFA/LUFA/Drivers/USB/Core/AVR8/Endpoint_AVR8.o
                               0xcc6e (size before relaxing)
 .debug_str     0x00014f63      0x208 src/LUFA/LUFA/Drivers/USB/Core/AVR8/USBController_AVR8.o
                               0xcba5 (size before relaxing)
 .debug_str     0x0001516b       0xbb src/LUFA/LUFA/Drivers/USB/Core/AVR8/USBInterrupt_AVR8.o
                               0xcb2f (size before relaxing)
 .debug_str     0x00015226      0x445 src/LUFA/LUFA/Drivers/USB/Core/DeviceStandardReq.o
                               0xd03f (size before relaxing)
 .debug_str     0x0001566b       0x53 src/LUFA/LUFA/Drivers/USB/Core/Events.o
                               0xb754 (size before relaxing)
 .debug_str     0x000156be       0x7e src/LUFA/LUFA/Drivers/USB/Core/USBTask.o
                               0xc9ed (size before relaxing)

.debug_loc      0x00000000     0x5066
 *(.debug_loc)
 .debug_loc     0x00000000      0x40b Descriptors.o
 .debug_loc     0x0000040b      0x626 pipe.o
 .debug_loc     0x00000a31      0x58d ringBuffer.o
 .debug_loc     0x00000fbe      0x14a u16App.o
 .debug_loc     0x00001108       0x77 u16Driver.o
 .debug_loc     0x0000117f      0x277 u16_scifDriver.o
 .debug_loc     0x000013f6      0x101 u16_timerDriver.o
 .debug_loc     0x000014f7      0x293 KeyboardMouse.o
 .debug_loc     0x0000178a      0x478 src/LUFA/LUFA/Drivers/USB/Class/Device/HIDClassDevice.o
 .debug_loc     0x00001c02     0x284b src/LUFA/LUFA/Drivers/USB/Core/AVR8/EndpointStream_AVR8.o
 .debug_loc     0x0000444d      0x593 src/LUFA/LUFA/Drivers/USB/Core/AVR8/Endpoint_AVR8.o
 .debug_loc     0x000049e0       0x78 src/LUFA/LUFA/Drivers/USB/Core/AVR8/USBController_AVR8.o
 .debug_loc     0x00004a58      0x26f src/LUFA/LUFA/Drivers/USB/Core/AVR8/USBInterrupt_AVR8.o
 .debug_loc     0x00004cc7      0x356 src/LUFA/LUFA/Drivers/USB/Core/DeviceStandardReq.o
 .debug_loc     0x0000501d       0x49 src/LUFA/LUFA/Drivers/USB/Core/USBTask.o

.debug_macinfo
 *(.debug_macinfo)

.debug_weaknames
 *(.debug_weaknames)

.debug_funcnames
 *(.debug_funcnames)

.debug_typenames
 *(.debug_typenames)

.debug_varnames
 *(.debug_varnames)

.debug_pubtypes
 *(.debug_pubtypes)

.debug_ranges   0x00000000      0xd98
 *(.debug_ranges)
 .debug_ranges  0x00000000       0x10 Descriptors.o
 .debug_ranges  0x00000010       0x70 pipe.o
 .debug_ranges  0x00000080       0x48 ringBuffer.o
 .debug_ranges  0x000000c8       0x30 u16App.o
 .debug_ranges  0x000000f8       0x30 u16Driver.o
 .debug_ranges  0x00000128       0x18 u16_commonDriver.o
 .debug_ranges  0x00000140       0x40 u16_scifDriver.o
 .debug_ranges  0x00000180       0x18 u16_timerDriver.o
 .debug_ranges  0x00000198       0x70 KeyboardMouse.o
 .debug_ranges  0x00000208       0x20 src/LUFA/LUFA/Drivers/USB/Class/Device/HIDClassDevice.o
 .debug_ranges  0x00000228      0x928 src/LUFA/LUFA/Drivers/USB/Core/AVR8/EndpointStream_AVR8.o
 .debug_ranges  0x00000b50      0x190 src/LUFA/LUFA/Drivers/USB/Core/AVR8/Endpoint_AVR8.o
 .debug_ranges  0x00000ce0       0x20 src/LUFA/LUFA/Drivers/USB/Core/AVR8/USBController_AVR8.o
 .debug_ranges  0x00000d00       0x20 src/LUFA/LUFA/Drivers/USB/Core/AVR8/USBInterrupt_AVR8.o
 .debug_ranges  0x00000d20       0x58 src/LUFA/LUFA/Drivers/USB/Core/DeviceStandardReq.o
 .debug_ranges  0x00000d78       0x10 src/LUFA/LUFA/Drivers/USB/Core/Events.o
 .debug_ranges  0x00000d88       0x10 src/LUFA/LUFA/Drivers/USB/Core/USBTask.o

.debug_macro    0x00000000     0x7435
 *(.debug_macro)
 .debug_macro   0x00000000      0x49b Descriptors.o
 .debug_macro   0x0000049b      0xa60 Descriptors.o
 .debug_macro   0x00000efb       0x10 Descriptors.o
 .debug_macro   0x00000f0b      0x1c9 Descriptors.o
 .debug_macro   0x000010d4      0x2fc Descriptors.o
 .debug_macro   0x000013d0       0x89 Descriptors.o
 .debug_macro   0x00001459       0xaa Descriptors.o
 .debug_macro   0x00001503     0x1601 Descriptors.o
 .debug_macro   0x00002b04      0x13a Descriptors.o
 .debug_macro   0x00002c3e       0xcb Descriptors.o
 .debug_macro   0x00002d09       0x34 Descriptors.o
 .debug_macro   0x00002d3d       0x18 Descriptors.o
 .debug_macro   0x00002d55       0x6c Descriptors.o
 .debug_macro   0x00002dc1       0xee Descriptors.o
 .debug_macro   0x00002eaf       0x12 Descriptors.o
 .debug_macro   0x00002ec1       0x10 Descriptors.o
 .debug_macro   0x00002ed1       0x22 Descriptors.o
 .debug_macro   0x00002ef3       0x16 Descriptors.o
 .debug_macro   0x00002f09       0x20 Descriptors.o
 .debug_macro   0x00002f29       0xf6 Descriptors.o
 .debug_macro   0x0000301f       0x22 Descriptors.o
 .debug_macro   0x00003041      0x1a7 Descriptors.o
 .debug_macro   0x000031e8       0x2f Descriptors.o
 .debug_macro   0x00003217       0x1c Descriptors.o
 .debug_macro   0x00003233       0x68 Descriptors.o
 .debug_macro   0x0000329b       0x28 Descriptors.o
 .debug_macro   0x000032c3       0x69 Descriptors.o
 .debug_macro   0x0000332c       0x33 Descriptors.o
 .debug_macro   0x0000335f      0x10c Descriptors.o
 .debug_macro   0x0000346b      0x160 Descriptors.o
 .debug_macro   0x000035cb      0x160 Descriptors.o
 .debug_macro   0x0000372b       0x10 Descriptors.o
 .debug_macro   0x0000373b       0x1c Descriptors.o
 .debug_macro   0x00003757       0x86 Descriptors.o
 .debug_macro   0x000037dd       0x3c Descriptors.o
 .debug_macro   0x00003819       0x19 Descriptors.o
 .debug_macro   0x00003832       0x4d Descriptors.o
 .debug_macro   0x0000387f       0x73 Descriptors.o
 .debug_macro   0x000038f2       0x16 Descriptors.o
 .debug_macro   0x00003908       0x58 Descriptors.o
 .debug_macro   0x00003960       0x10 Descriptors.o
 .debug_macro   0x00003970       0x35 Descriptors.o
 .debug_macro   0x000039a5       0xf2 Descriptors.o
 .debug_macro   0x00003a97       0x6a Descriptors.o
 .debug_macro   0x00003b01       0x12 Descriptors.o
 .debug_macro   0x00003b13       0x1c Descriptors.o
 .debug_macro   0x00003b2f       0x64 Descriptors.o
 .debug_macro   0x00003b93       0x41 Descriptors.o
 .debug_macro   0x00003bd4       0x10 Descriptors.o
 .debug_macro   0x00003be4       0x1c Descriptors.o
 .debug_macro   0x00003c00       0x16 Descriptors.o
 .debug_macro   0x00003c16       0x16 Descriptors.o
 .debug_macro   0x00003c2c      0x12c Descriptors.o
 .debug_macro   0x00003d58       0x16 Descriptors.o
 .debug_macro   0x00003d6e       0x46 Descriptors.o
 .debug_macro   0x00003db4       0x16 Descriptors.o
 .debug_macro   0x00003dca      0x154 Descriptors.o
 .debug_macro   0x00003f1e       0x2a Descriptors.o
 .debug_macro   0x00003f48      0x6ce Descriptors.o
 .debug_macro   0x00004616       0x16 Descriptors.o
 .debug_macro   0x0000462c      0x132 Descriptors.o
 .debug_macro   0x0000475e       0x16 Descriptors.o
 .debug_macro   0x00004774       0x10 Descriptors.o
 .debug_macro   0x00004784       0x6c Descriptors.o
 .debug_macro   0x000047f0       0x16 Descriptors.o
 .debug_macro   0x00004806       0x1c Descriptors.o
 .debug_macro   0x00004822       0x16 Descriptors.o
 .debug_macro   0x00004838       0x10 Descriptors.o
 .debug_macro   0x00004848      0x1be Descriptors.o
 .debug_macro   0x00004a06       0x16 Descriptors.o
 .debug_macro   0x00004a1c       0x16 Descriptors.o
 .debug_macro   0x00004a32       0x68 Descriptors.o
 .debug_macro   0x00004a9a       0x65 Descriptors.o
 .debug_macro   0x00004aff       0x10 Descriptors.o
 .debug_macro   0x00004b0f       0x22 Descriptors.o
 .debug_macro   0x00004b31       0x3a Descriptors.o
 .debug_macro   0x00004b6b       0x16 Descriptors.o
 .debug_macro   0x00004b81       0x22 Descriptors.o
 .debug_macro   0x00004ba3       0xdb pipe.o
 .debug_macro   0x00004c7e       0x97 pipe.o
 .debug_macro   0x00004d15       0x16 pipe.o
 .debug_macro   0x00004d2b       0x22 pipe.o
 .debug_macro   0x00004d4d       0x6c ringBuffer.o
 .debug_macro   0x00004db9       0x8a u16App.o
 .debug_macro   0x00004e43       0x10 u16App.o
 .debug_macro   0x00004e53       0x1c u16App.o
 .debug_macro   0x00004e6f       0x40 u16App.o
 .debug_macro   0x00004eaf       0xc8 u16Driver.o
 .debug_macro   0x00004f77       0x10 u16Driver.o
 .debug_macro   0x00004f87       0x9e u16Driver.o
 .debug_macro   0x00005025       0x70 u16Driver.o
 .debug_macro   0x00005095       0x10 u16Driver.o
 .debug_macro   0x000050a5       0xcd u16_commonDriver.o
 .debug_macro   0x00005172       0x2e u16_commonDriver.o
 .debug_macro   0x000051a0       0xea u16_scifDriver.o
 .debug_macro   0x0000528a       0xe5 u16_timerDriver.o
 .debug_macro   0x0000536f       0x28 u16_timerDriver.o
 .debug_macro   0x00005397      0x4ed KeyboardMouse.o
 .debug_macro   0x00005884       0x16 KeyboardMouse.o
 .debug_macro   0x0000589a       0x12 KeyboardMouse.o
 .debug_macro   0x000058ac       0xe2 KeyboardMouse.o
 .debug_macro   0x0000598e      0x455 src/LUFA/LUFA/Drivers/USB/Class/Device/HIDClassDevice.o
 .debug_macro   0x00005de3      0x643 src/LUFA/LUFA/Drivers/USB/Core/AVR8/EndpointStream_AVR8.o
 .debug_macro   0x00006426       0x28 src/LUFA/LUFA/Drivers/USB/Core/AVR8/EndpointStream_AVR8.o
 .debug_macro   0x0000644e       0x1c src/LUFA/LUFA/Drivers/USB/Core/AVR8/EndpointStream_AVR8.o
 .debug_macro   0x0000646a       0x1c src/LUFA/LUFA/Drivers/USB/Core/AVR8/EndpointStream_AVR8.o
 .debug_macro   0x00006486      0x2da src/LUFA/LUFA/Drivers/USB/Core/AVR8/Endpoint_AVR8.o
 .debug_macro   0x00006760       0x10 src/LUFA/LUFA/Drivers/USB/Core/AVR8/Endpoint_AVR8.o
 .debug_macro   0x00006770      0x2ac src/LUFA/LUFA/Drivers/USB/Core/AVR8/USBController_AVR8.o
 .debug_macro   0x00006a1c       0x79 src/LUFA/LUFA/Drivers/USB/Core/AVR8/USBController_AVR8.o
 .debug_macro   0x00006a95      0x2b4 src/LUFA/LUFA/Drivers/USB/Core/AVR8/USBInterrupt_AVR8.o
 .debug_macro   0x00006d49      0x2b2 src/LUFA/LUFA/Drivers/USB/Core/DeviceStandardReq.o
 .debug_macro   0x00006ffb      0x182 src/LUFA/LUFA/Drivers/USB/Core/Events.o
 .debug_macro   0x0000717d      0x2b8 src/LUFA/LUFA/Drivers/USB/Core/USBTask.o
OUTPUT(U16KeyboardAndMouse.elf elf32-avr)
LOAD linker stubs
